// Jest Snapshot v1, https://jestjs.io/docs/snapshot-testing

exports[`App matches snapshot 1`] = `
<div class="from-rails-dark to-rails-light lg:bg-rose flex min-h-screen flex-col bg-linear-to-br lg:from-inherit lg:to-inherit"><svg class="fixed inset-0 hidden h-96 w-full drop-shadow-xl lg:block" fill="none" preserveAspectRatio="none" viewBox="0 0 100 100">
    <defs>
      <linearGradient id="grad1" x1="0" y1="0" x2="100%" y2="0">
        <stop offset="0%" class="gradient__rails-dark"></stop>
        <stop offset="30%" class="gradient__rails-light"></stop>
        <stop offset="100%" class="gradient__vue"></stop>
      </linearGradient>
    </defs>
    <polygon fill="url(#grad1)" points="0,0 0,100 100,40 100,0"></polygon>
  </svg><svg class="fixed bottom-0 hidden h-96 w-full drop-shadow-xl lg:block" fill="none" preserveAspectRatio="none" viewBox="0 0 100 100">
    <defs>
      <linearGradient id="grad2" x1="0" y1="0" x2="100%" y2="0">
        <stop offset="0%" class="gradient__rails-dark"></stop>
        <stop offset="60%" class="gradient__rails-light"></stop>
        <stop offset="100%" class="gradient__vue"></stop>
      </linearGradient>
    </defs>
    <polygon fill="url(#grad2)" points="0,80 0,100 100,100 100,50"></polygon>
  </svg>
  <header class="flex items-end justify-between space-x-5 p-5 lg:flex-col lg:items-stretch lg:space-y-36 lg:space-x-0 lg:p-0 lg:fixed lg:top-10 lg:left-10"><img src="[object Object]" alt="Logo" class="size-20 rounded-sm bg-linear-to-br from-slate-200 to-white p-3 lg:size-56" width="150" height="150">
    <nav class="flex space-x-5 text-center text-lg font-medium uppercase lg:flex-col lg:space-y-5 lg:space-x-0"><a href="/" class="text-rails-dark lg:bg-rails-dark bg-white lg:text-white rounded-md px-2 py-1 transition lg:shadow-sm">Home</a><a href="/about" class="lg:text-rails-dark bg-transparent text-white hover:scale-105 lg:bg-white rounded-md px-2 py-1 transition lg:shadow-sm">About</a></nav>
  </header>
  <transition-stub mode="out-in" enteractiveclass="transition duration-500 ease-out" enterfromclass="translate-y-32" entertoclass="translate-y-0" leaveactiveclass="transition duration-500 ease-in" leavefromclass="translate-y-0" leavetoclass="translate-y-32" appear="false" persisted="false" css="true">
    <!--v-if-->
  </transition-stub>
  <main class="relative flex-1 bg-white px-4 py-5 shadow-md sm:px-6 lg:mt-10 lg:mr-16 lg:ml-96 lg:max-w-5xl lg:rounded-xl lg:px-8">
    <!---->
  </main>
  <footer class="flex flex-wrap items-end justify-between space-y-2 px-4 text-sm text-white sm:px-6 lg:px-0 relative mt-2 mb-6 lg:mr-16 lg:ml-96 lg:max-w-5xl lg:px-0">
    <div class="flex w-full items-end space-x-2 sm:w-auto"><a class="hover:underline" target="_blank" rel="noopener noreferrer" href="https://github.com/templatus/templatus-vue"><svg viewBox="0 0 24 24" class="size-6" fill="currentColor">
          <title>GitHub</title>
          <path d="M12 .297c-6.63 0-12 5.373-12 12 0 5.303 3.438 9.8 8.205 11.385.6.113.82-.258.82-.577 0-.285-.01-1.04-.015-2.04-3.338.724-4.042-1.61-4.042-1.61C4.422 18.07 3.633 17.7 3.633 17.7c-1.087-.744.084-.729.084-.729 1.205.084 1.838 1.236 1.838 1.236 1.07 1.835 2.809 1.305 3.495.998.108-.776.417-1.305.76-1.605-2.665-.3-5.466-1.332-5.466-5.93 0-1.31.465-2.38 1.235-3.22-.135-.303-.54-1.523.105-3.176 0 0 1.005-.322 3.3 1.23.96-.267 1.98-.399 3-.405 1.02.006 2.04.138 3 .405 2.28-1.552 3.285-1.23 3.285-1.23.645 1.653.24 2.873.12 3.176.765.84 1.23 1.91 1.23 3.22 0 4.61-2.805 5.625-5.475 5.92.42.36.81 1.096.81 2.22 0 1.606-.015 2.896-.015 3.286 0 .315.21.69.825.57C20.565 22.092 24 17.592 24 12.297c0-6.627-5.373-12-12-12"></path>
        </svg></a>
      <!--v-if-->
    </div>
    <div class="w-full sm:w-auto">
      <!--v-if-->
    </div>
    <div class="flex w-full items-end sm:w-auto"><a class="hover:underline" target="_blank" rel="noopener noreferrer" href="https://ledermann.dev"><svg class="inline size-6" viewBox="0 0 276 276" fill="currentColor">
          <title>ledermann.dev</title>
          <path d="M0 137l138 138 138-138-84-82-84 82 31 30 53-52 25 22-79 77-78-77L166 29 138 1"></path>
        </svg><span class="ml-1 font-mono">ledermann.dev</span></a></div>
  </footer>
</div>
`;
