// Jest Snapshot v1, https://jestjs.io/docs/snapshot-testing

exports[`About matches snapshot 1`] = `
<h1 class="text-rails-dark text-4xl font-extrabold tracking-tight break-words sm:text-5xl lg:text-6xl">About</h1>
<p class="mt-6 max-w-4xl text-base lg:text-xl"> Templatus is an opinionated template for web applications with <b>Ruby on Rails</b> and <b>Vue.js 3</b></p>
<div class="mt-20 space-y-24">
  <div>
    <div class="lg:grid lg:grid-cols-3 lg:gap-x-8">
      <div>
        <h2 class="text-rails-dark text-base font-semibold tracking-wide uppercase">Server side</h2>
        <p class="mt-2 text-3xl font-extrabold text-gray-900">The backend</p>
      </div>
      <div class="mt-12 lg:col-span-2 lg:mt-0">
        <dl class="space-y-10 sm:grid sm:grid-cols-2 sm:space-y-0 sm:gap-x-6 sm:gap-y-10 lg:gap-x-8">
          <div class="relative">
            <dt><svg xmlns="http://www.w3.org/2000/svg" fill="none" viewBox="0 0 24 24" stroke-width="1.5" stroke="currentColor" aria-hidden="true" data-slot="icon" class="text-vue absolute size-6">
                <path stroke-linecap="round" stroke-linejoin="round" d="m4.5 12.75 6 6 9-13.5"></path>
              </svg>
              <p class="text-rails-dark ml-9 flex items-center text-lg leading-6 font-medium"><a href="https://www.ruby-lang.org/" class="hover:underline" target="_blank" rel="noopener noreferrer">Ruby</a>
                <!--v-if-->
              </p>
            </dt>
            <dd class="mt-2 ml-9 text-base text-gray-600">A dynamic, open source programming language with a focus on simplicity and productivity. It has an elegant syntax that is natural to read and easy to write.</dd>
          </div>
          <div class="relative">
            <dt><svg xmlns="http://www.w3.org/2000/svg" fill="none" viewBox="0 0 24 24" stroke-width="1.5" stroke="currentColor" aria-hidden="true" data-slot="icon" class="text-vue absolute size-6">
                <path stroke-linecap="round" stroke-linejoin="round" d="m4.5 12.75 6 6 9-13.5"></path>
              </svg>
              <p class="text-rails-dark ml-9 flex items-center text-lg leading-6 font-medium"><a href="https://rubyonrails.org/" class="hover:underline" target="_blank" rel="noopener noreferrer">Ruby on Rails</a>
                <!--v-if-->
              </p>
            </dt>
            <dd class="mt-2 ml-9 text-base text-gray-600">Rails is a web application development framework written in the Ruby programming language. It is designed to make programming web applications easier by making assumptions about what every developer needs to get started.</dd>
          </div>
          <div class="relative">
            <dt><svg xmlns="http://www.w3.org/2000/svg" fill="none" viewBox="0 0 24 24" stroke-width="1.5" stroke="currentColor" aria-hidden="true" data-slot="icon" class="text-vue absolute size-6">
                <path stroke-linecap="round" stroke-linejoin="round" d="m4.5 12.75 6 6 9-13.5"></path>
              </svg>
              <p class="text-rails-dark ml-9 flex items-center text-lg leading-6 font-medium"><a href="https://www.postgresql.org/" class="hover:underline" target="_blank" rel="noopener noreferrer">PostgreSQL</a>
                <!--v-if-->
              </p>
            </dt>
            <dd class="mt-2 ml-9 text-base text-gray-600">PostgreSQL is a powerful, open source object-relational database system with over 30 years of active development that has earned it a strong reputation for reliability, feature robustness, and performance.</dd>
          </div>
          <div class="relative">
            <dt><svg xmlns="http://www.w3.org/2000/svg" fill="none" viewBox="0 0 24 24" stroke-width="1.5" stroke="currentColor" aria-hidden="true" data-slot="icon" class="text-vue absolute size-6">
                <path stroke-linecap="round" stroke-linejoin="round" d="m4.5 12.75 6 6 9-13.5"></path>
              </svg>
              <p class="text-rails-dark ml-9 flex items-center text-lg leading-6 font-medium"><a href="https://puma.io/" class="hover:underline" target="_blank" rel="noopener noreferrer">Puma</a>
                <!--v-if-->
              </p>
            </dt>
            <dd class="mt-2 ml-9 text-base text-gray-600">Puma is a simple, fast, multi-threaded, and highly concurrent HTTP 1.1 server for Ruby/Rack applications.</dd>
          </div>
          <div class="relative">
            <dt><svg xmlns="http://www.w3.org/2000/svg" fill="none" viewBox="0 0 24 24" stroke-width="1.5" stroke="currentColor" aria-hidden="true" data-slot="icon" class="text-vue absolute size-6">
                <path stroke-linecap="round" stroke-linejoin="round" d="m4.5 12.75 6 6 9-13.5"></path>
              </svg>
              <p class="text-rails-dark ml-9 flex items-center text-lg leading-6 font-medium"><a href="https://redis.io/" class="hover:underline" target="_blank" rel="noopener noreferrer">Redis</a>
                <!--v-if-->
              </p>
            </dt>
            <dd class="mt-2 ml-9 text-base text-gray-600">Redis is an open source, in-memory data structure store, used as a database, cache, and message broker.</dd>
          </div>
          <div class="relative">
            <dt><svg xmlns="http://www.w3.org/2000/svg" fill="none" viewBox="0 0 24 24" stroke-width="1.5" stroke="currentColor" aria-hidden="true" data-slot="icon" class="text-vue absolute size-6">
                <path stroke-linecap="round" stroke-linejoin="round" d="m4.5 12.75 6 6 9-13.5"></path>
              </svg>
              <p class="text-rails-dark ml-9 flex items-center text-lg leading-6 font-medium"><a href="https://sidekiq.org/" class="hover:underline" target="_blank" rel="noopener noreferrer">Sidekiq</a>
                <!--v-if-->
              </p>
            </dt>
            <dd class="mt-2 ml-9 text-base text-gray-600">Simple, efficient background processing for Ruby<p class="mt-2 text-xs">→ <a class="font-medium uppercase hover:underline" href="/sidekiq">Admin frontend</a></p>
            </dd>
          </div>
        </dl>
      </div>
    </div>
  </div>
  <div>
    <div class="lg:grid lg:grid-cols-3 lg:gap-x-8">
      <div>
        <h2 class="text-rails-dark text-base font-semibold tracking-wide uppercase">Client side</h2>
        <p class="mt-2 text-3xl font-extrabold text-gray-900">The frontend</p>
      </div>
      <div class="mt-12 lg:col-span-2 lg:mt-0">
        <dl class="space-y-10 sm:grid sm:grid-cols-2 sm:space-y-0 sm:gap-x-6 sm:gap-y-10 lg:gap-x-8">
          <div class="relative">
            <dt><svg xmlns="http://www.w3.org/2000/svg" fill="none" viewBox="0 0 24 24" stroke-width="1.5" stroke="currentColor" aria-hidden="true" data-slot="icon" class="text-vue absolute size-6">
                <path stroke-linecap="round" stroke-linejoin="round" d="m4.5 12.75 6 6 9-13.5"></path>
              </svg>
              <p class="text-rails-dark ml-9 flex items-center text-lg leading-6 font-medium"><a href="https://v3.vuejs.org/" class="hover:underline" target="_blank" rel="noopener noreferrer">Vue</a><span class="bg-rose ml-2 inline-flex items-center rounded-full px-2.5 py-0.5 text-xs font-medium text-black">3.x.y</span></p>
            </dt>
            <dd class="mt-2 ml-9 text-base text-gray-600">Vue is a progressive framework for building user interfaces.</dd>
          </div>
          <div class="relative">
            <dt><svg xmlns="http://www.w3.org/2000/svg" fill="none" viewBox="0 0 24 24" stroke-width="1.5" stroke="currentColor" aria-hidden="true" data-slot="icon" class="text-vue absolute size-6">
                <path stroke-linecap="round" stroke-linejoin="round" d="m4.5 12.75 6 6 9-13.5"></path>
              </svg>
              <p class="text-rails-dark ml-9 flex items-center text-lg leading-6 font-medium"><a href="https://tailwindcss.com/" class="hover:underline" target="_blank" rel="noopener noreferrer">Tailwind CSS 4</a>
                <!--v-if-->
              </p>
            </dt>
            <dd class="mt-2 ml-9 text-base text-gray-600">A utility-first CSS framework packed with classes that can be composed to build any design, directly in your markup.</dd>
          </div>
          <div class="relative">
            <dt><svg xmlns="http://www.w3.org/2000/svg" fill="none" viewBox="0 0 24 24" stroke-width="1.5" stroke="currentColor" aria-hidden="true" data-slot="icon" class="text-vue absolute size-6">
                <path stroke-linecap="round" stroke-linejoin="round" d="m4.5 12.75 6 6 9-13.5"></path>
              </svg>
              <p class="text-rails-dark ml-9 flex items-center text-lg leading-6 font-medium"><a href="https://www.typescriptlang.org/" class="hover:underline" target="_blank" rel="noopener noreferrer">TypeScript</a>
                <!--v-if-->
              </p>
            </dt>
            <dd class="mt-2 ml-9 text-base text-gray-600">TypeScript is an open-source language which builds on JavaScript, one of the world’s most used tools, by adding static type definitions.</dd>
          </div>
          <div class="relative">
            <dt><svg xmlns="http://www.w3.org/2000/svg" fill="none" viewBox="0 0 24 24" stroke-width="1.5" stroke="currentColor" aria-hidden="true" data-slot="icon" class="text-vue absolute size-6">
                <path stroke-linecap="round" stroke-linejoin="round" d="m4.5 12.75 6 6 9-13.5"></path>
              </svg>
              <p class="text-rails-dark ml-9 flex items-center text-lg leading-6 font-medium"><a href="https://pinia.esm.dev/" class="hover:underline" target="_blank" rel="noopener noreferrer">Pinia</a>
                <!--v-if-->
              </p>
            </dt>
            <dd class="mt-2 ml-9 text-base text-gray-600">Intuitive, type safe, light and flexible Store for Vue using the composition api with DevTools support</dd>
          </div>
          <div class="relative">
            <dt><svg xmlns="http://www.w3.org/2000/svg" fill="none" viewBox="0 0 24 24" stroke-width="1.5" stroke="currentColor" aria-hidden="true" data-slot="icon" class="text-vue absolute size-6">
                <path stroke-linecap="round" stroke-linejoin="round" d="m4.5 12.75 6 6 9-13.5"></path>
              </svg>
              <p class="text-rails-dark ml-9 flex items-center text-lg leading-6 font-medium"><a href="https://heroicons.com/" class="hover:underline" target="_blank" rel="noopener noreferrer">Heroicons</a>
                <!--v-if-->
              </p>
            </dt>
            <dd class="mt-2 ml-9 text-base text-gray-600">Beautiful hand-crafted SVG icons, by the makers of Tailwind CSS.</dd>
          </div>
          <div class="relative">
            <dt><svg xmlns="http://www.w3.org/2000/svg" fill="none" viewBox="0 0 24 24" stroke-width="1.5" stroke="currentColor" aria-hidden="true" data-slot="icon" class="text-vue absolute size-6">
                <path stroke-linecap="round" stroke-linejoin="round" d="m4.5 12.75 6 6 9-13.5"></path>
              </svg>
              <p class="text-rails-dark ml-9 flex items-center text-lg leading-6 font-medium"><a href="https://vitejs.dev/" class="hover:underline" target="_blank" rel="noopener noreferrer">Vite</a>
                <!--v-if-->
              </p>
            </dt>
            <dd class="mt-2 ml-9 text-base text-gray-600">Next generation frontend tooling. It's fast!</dd>
          </div>
        </dl>
      </div>
    </div>
  </div>
  <div>
    <div class="lg:grid lg:grid-cols-3 lg:gap-x-8">
      <div>
        <h2 class="text-rails-dark text-base font-semibold tracking-wide uppercase">Quality insurance</h2>
        <p class="mt-2 text-3xl font-extrabold text-gray-900">Continuous integration</p>
      </div>
      <div class="mt-12 lg:col-span-2 lg:mt-0">
        <dl class="space-y-10 sm:grid sm:grid-cols-2 sm:space-y-0 sm:gap-x-6 sm:gap-y-10 lg:gap-x-8">
          <div class="relative">
            <dt><svg xmlns="http://www.w3.org/2000/svg" fill="none" viewBox="0 0 24 24" stroke-width="1.5" stroke="currentColor" aria-hidden="true" data-slot="icon" class="text-vue absolute size-6">
                <path stroke-linecap="round" stroke-linejoin="round" d="m4.5 12.75 6 6 9-13.5"></path>
              </svg>
              <p class="text-rails-dark ml-9 flex items-center text-lg leading-6 font-medium"><a href="https://github.com/features/actions" class="hover:underline" target="_blank" rel="noopener noreferrer">GitHub Actions</a>
                <!--v-if-->
              </p>
            </dt>
            <dd class="mt-2 ml-9 text-base text-gray-600">Test, build and deliver on every push to GitHub</dd>
          </div>
          <div class="relative">
            <dt><svg xmlns="http://www.w3.org/2000/svg" fill="none" viewBox="0 0 24 24" stroke-width="1.5" stroke="currentColor" aria-hidden="true" data-slot="icon" class="text-vue absolute size-6">
                <path stroke-linecap="round" stroke-linejoin="round" d="m4.5 12.75 6 6 9-13.5"></path>
              </svg>
              <p class="text-rails-dark ml-9 flex items-center text-lg leading-6 font-medium"><a href="https://rspec.info/" class="hover:underline" target="_blank" rel="noopener noreferrer">RSpec</a>
                <!--v-if-->
              </p>
            </dt>
            <dd class="mt-2 ml-9 text-base text-gray-600">Behaviour Driven Development for Ruby. Making TDD Productive and Fun.</dd>
          </div>
          <div class="relative">
            <dt><svg xmlns="http://www.w3.org/2000/svg" fill="none" viewBox="0 0 24 24" stroke-width="1.5" stroke="currentColor" aria-hidden="true" data-slot="icon" class="text-vue absolute size-6">
                <path stroke-linecap="round" stroke-linejoin="round" d="m4.5 12.75 6 6 9-13.5"></path>
              </svg>
              <p class="text-rails-dark ml-9 flex items-center text-lg leading-6 font-medium"><a href="https://rubocop.org/" class="hover:underline" target="_blank" rel="noopener noreferrer">RuboCop</a>
                <!--v-if-->
              </p>
            </dt>
            <dd class="mt-2 ml-9 text-base text-gray-600">The Ruby Linter/Formatter that Serves and Protects</dd>
          </div>
          <div class="relative">
            <dt><svg xmlns="http://www.w3.org/2000/svg" fill="none" viewBox="0 0 24 24" stroke-width="1.5" stroke="currentColor" aria-hidden="true" data-slot="icon" class="text-vue absolute size-6">
                <path stroke-linecap="round" stroke-linejoin="round" d="m4.5 12.75 6 6 9-13.5"></path>
              </svg>
              <p class="text-rails-dark ml-9 flex items-center text-lg leading-6 font-medium"><a href="https://jestjs.io/" class="hover:underline" target="_blank" rel="noopener noreferrer">Jest</a>
                <!--v-if-->
              </p>
            </dt>
            <dd class="mt-2 ml-9 text-base text-gray-600">Jest is a delightful JavaScript Testing Framework with a focus on simplicity</dd>
          </div>
          <div class="relative">
            <dt><svg xmlns="http://www.w3.org/2000/svg" fill="none" viewBox="0 0 24 24" stroke-width="1.5" stroke="currentColor" aria-hidden="true" data-slot="icon" class="text-vue absolute size-6">
                <path stroke-linecap="round" stroke-linejoin="round" d="m4.5 12.75 6 6 9-13.5"></path>
              </svg>
              <p class="text-rails-dark ml-9 flex items-center text-lg leading-6 font-medium"><a href="https://eslint.org/" class="hover:underline" target="_blank" rel="noopener noreferrer">ESLint</a>
                <!--v-if-->
              </p>
            </dt>
            <dd class="mt-2 ml-9 text-base text-gray-600">ESLint statically analyzes your code to quickly find problems</dd>
          </div>
          <div class="relative">
            <dt><svg xmlns="http://www.w3.org/2000/svg" fill="none" viewBox="0 0 24 24" stroke-width="1.5" stroke="currentColor" aria-hidden="true" data-slot="icon" class="text-vue absolute size-6">
                <path stroke-linecap="round" stroke-linejoin="round" d="m4.5 12.75 6 6 9-13.5"></path>
              </svg>
              <p class="text-rails-dark ml-9 flex items-center text-lg leading-6 font-medium"><a href="https://github.com/teamcapybara/capybara" class="hover:underline" target="_blank" rel="noopener noreferrer">Capybara</a>
                <!--v-if-->
              </p>
            </dt>
            <dd class="mt-2 ml-9 text-base text-gray-600">Capybara helps you test web applications by simulating how a real user would interact with your app.</dd>
          </div>
          <div class="relative">
            <dt><svg xmlns="http://www.w3.org/2000/svg" fill="none" viewBox="0 0 24 24" stroke-width="1.5" stroke="currentColor" aria-hidden="true" data-slot="icon" class="text-vue absolute size-6">
                <path stroke-linecap="round" stroke-linejoin="round" d="m4.5 12.75 6 6 9-13.5"></path>
              </svg>
              <p class="text-rails-dark ml-9 flex items-center text-lg leading-6 font-medium"><a href="https://playwright.dev/" class="hover:underline" target="_blank" rel="noopener noreferrer">Playwright</a>
                <!--v-if-->
              </p>
            </dt>
            <dd class="mt-2 ml-9 text-base text-gray-600">Playwright enables reliable end-to-end testing for modern web apps.</dd>
          </div>
        </dl>
      </div>
    </div>
  </div>
  <div>
    <div class="lg:grid lg:grid-cols-3 lg:gap-x-8">
      <div>
        <h2 class="text-rails-dark text-base font-semibold tracking-wide uppercase">Ship it!</h2>
        <p class="mt-2 text-3xl font-extrabold text-gray-900">Deployment</p>
      </div>
      <div class="mt-12 lg:col-span-2 lg:mt-0">
        <dl class="space-y-10 sm:grid sm:grid-cols-2 sm:space-y-0 sm:gap-x-6 sm:gap-y-10 lg:gap-x-8">
          <div class="relative">
            <dt><svg xmlns="http://www.w3.org/2000/svg" fill="none" viewBox="0 0 24 24" stroke-width="1.5" stroke="currentColor" aria-hidden="true" data-slot="icon" class="text-vue absolute size-6">
                <path stroke-linecap="round" stroke-linejoin="round" d="m4.5 12.75 6 6 9-13.5"></path>
              </svg>
              <p class="text-rails-dark ml-9 flex items-center text-lg leading-6 font-medium"><a href="https://alpinelinux.org/" class="hover:underline" target="_blank" rel="noopener noreferrer">Alpine Linux</a>
                <!--v-if-->
              </p>
            </dt>
            <dd class="mt-2 ml-9 text-base text-gray-600">Alpine Linux is an independent, non-commercial, general purpose Linux distribution designed for power users who appreciate security, simplicity and resource efficiency.</dd>
          </div>
          <div class="relative">
            <dt><svg xmlns="http://www.w3.org/2000/svg" fill="none" viewBox="0 0 24 24" stroke-width="1.5" stroke="currentColor" aria-hidden="true" data-slot="icon" class="text-vue absolute size-6">
                <path stroke-linecap="round" stroke-linejoin="round" d="m4.5 12.75 6 6 9-13.5"></path>
              </svg>
              <p class="text-rails-dark ml-9 flex items-center text-lg leading-6 font-medium"><a href="https://www.docker.com/" class="hover:underline" target="_blank" rel="noopener noreferrer">Docker</a>
                <!--v-if-->
              </p>
            </dt>
            <dd class="mt-2 ml-9 text-base text-gray-600">Dockerized using an optimized base image.</dd>
          </div>
          <div class="relative">
            <dt><svg xmlns="http://www.w3.org/2000/svg" fill="none" viewBox="0 0 24 24" stroke-width="1.5" stroke="currentColor" aria-hidden="true" data-slot="icon" class="text-vue absolute size-6">
                <path stroke-linecap="round" stroke-linejoin="round" d="m4.5 12.75 6 6 9-13.5"></path>
              </svg>
              <p class="text-rails-dark ml-9 flex items-center text-lg leading-6 font-medium"><a href="https://plausible.io/" class="hover:underline" target="_blank" rel="noopener noreferrer">Plausible</a>
                <!--v-if-->
              </p>
            </dt>
            <dd class="mt-2 ml-9 text-base text-gray-600">Plausible is lightweight and open source web analytics. No cookies and fully compliant with GDPR, CCPA and PECR.</dd>
          </div>
        </dl>
      </div>
    </div>
  </div>
</div>
`;
